// Vitest Snapshot v1, https://vitest.dev/guide/snapshot.html

exports[`Address > display address with default format 1`] = `
<span
  class="ant-typography ant-web3-address css-dev-only-do-not-override-ni1kz0 css-dev-only-do-not-override-ni1kz0"
>
  <span>
    0x 21CD f097 4d53 a6e9 6eF0 5d7B 324a 9803 735f Fd3B
  </span>
</span>
`;
