// Vitest Snapshot v1, https://vitest.dev/guide/snapshot.html

exports[`ConnectButton > should display formatted by custom formatter when pass format into tooltip 1`] = `
<body>
  <div>
    <button
      class="ant-btn css-dev-only-do-not-override-ni1kz0 ant-btn-default ant-btn-color-default ant-btn-variant-outlined ant-web3-connect-button css-dev-only-do-not-override-ni1kz0 ant-tooltip-open"
      type="button"
    >
      <div
        class="ant-web3-connect-button-content"
      >
        <div
          class="ant-web3-connect-button-content-inner"
        >
          <div
            class="ant-web3-connect-button-text"
          >
            <span
              class="ant-typography ant-web3-address css-dev-only-do-not-override-ni1kz0 css-dev-only-do-not-override-ni1kz0"
            >
              <span>
                0x3ea2...7c18
              </span>
            </span>
          </div>
        </div>
      </div>
    </button>
  </div>
  <div>
    <div
      class="ant-tooltip ant-zoom-big-fast-appear ant-zoom-big-fast-appear-prepare ant-zoom-big-fast ant-web3-connect-button-tooltip css-dev-only-do-not-override-ni1kz0 css-dev-only-do-not-override-ni1kz0 ant-tooltip-placement-top"
      style="--arrow-x: 0px; --arrow-y: 0px; left: -1000vw; top: -1000vh; box-sizing: border-box;"
    >
      <div
        class="ant-tooltip-arrow"
        style="position: absolute; bottom: 0px; left: 0px;"
      />
      <div
        class="ant-tooltip-content"
      >
        <div
          class="ant-tooltip-inner"
          role="tooltip"
        >
          <div
            class="ant-web3-connect-button-tooltip-title"
          >
            Wallet address
             
            <span
              aria-label="copy"
              class="anticon anticon-copy"
              role="img"
              tabindex="-1"
              title="Copy Address"
            >
              <svg
                aria-hidden="true"
                data-icon="copy"
                fill="currentColor"
                focusable="false"
                height="1em"
                viewBox="64 64 896 896"
                width="1em"
              >
                <path
                  d="M832 64H296c-4.4 0-8 3.6-8 8v56c0 4.4 3.6 8 8 8h496v688c0 4.4 3.6 8 8 8h56c4.4 0 8-3.6 8-8V96c0-17.7-14.3-32-32-32zM704 192H192c-17.7 0-32 14.3-32 32v530.7c0 8.5 3.4 16.6 9.4 22.6l173.3 173.3c2.2 2.2 4.7 4 7.4 5.5v1.9h4.2c3.5 1.3 7.2 2 11 2H704c17.7 0 32-14.3 32-32V224c0-17.7-14.3-32-32-32zM350 856.2L263.9 770H350v86.2zM664 888H414V746c0-22.1-17.9-40-40-40H232V264h432v624z"
                />
              </svg>
            </span>
          </div>
          <div
            class="ant-web3-connect-button-tooltip-content"
          >
            0x3ea2cfd1
          </div>
        </div>
      </div>
    </div>
  </div>
</body>
`;
